PASS: SET01 old settings without display mode retain other values and await the sticker presentation upgrade
PASS: SET10 new settings default to stickers and apply presentation once at startup
PASS: SET11 an explicit legacy List choice is loaded without marking the startup upgrade complete
PASS: SET12 the one-time upgrade changes legacy List to Stickers while preserving hotkeys and startup preferences
PASS: SET13 a List choice made after the upgrade is retained without another reset
PASS: SET15 one-line presentation upgrades version 1 without resetting the user's List choice
PASS: SET15 one-line presentation upgrades version 2 without resetting the user's List choice
PASS: SET02 sticker display choice survives saving and reloading
PASS: SET16 magnetic alignment defaults on and survives saving and reloading
PASS: SET17 disabling magnetic alignment survives saving and reloading
PASS: SET18 older settings without magnetic alignment enable it while preserving saved preferences
PASS: SET03 unknown display mode is rejected without rewriting settings
PASS: SET14 invalid presentation version is rejected without rewriting the original settings
PASS: SET04 settings shows the saved List choice and retains its inactive magnetic alignment preference
PASS: SET05 display choices remain mutually exclusive and sticker mode enables magnetic alignment
PASS: SET19 switching display modes retains the selected magnetic alignment preference
PASS: SET06 failed apply retains selected display and magnetic alignment preferences for retry
PASS: SET07 successful apply closes settings and includes display and magnetic alignment preferences
PASS: SET08 settings shows saved Stickers and disabled magnetic alignment choices
PASS: SET09 closing settings discards unapplied display and magnetic alignment changes
PASS: STK01 sticker accepts normal activation for accessible controls and keyboard navigation
PASS: STK02 initial sticker display avoids focus stealing and taskbar clutter
PASS: STK03 collapse preserves expanded dimensions and applies always-on-top
PASS: STK04 restoring a legacy unpinned presentation keeps the sticker above ordinary windows and returns its full size
PASS: STK05 resizing a collapsed sticker retains its new width and original expanded height
PASS: STK06 minimum one-line title and shortcut icon fit side by side without overlap
PASS: STK07 resume and note commands always use the current shared bookmark revision
PASS: STK08 busy state prevents duplicate commands while retaining the compact icon layout
PASS: STK09 explicit delete routes the bookmark identity to shared storage
PASS: STK10 undo is routed centrally while native close only hides the sticker
PASS: STK11 Escape hides the sticker without deleting or disposing its bookmark
PASS: STK12 failed resume retains an actionable message on the shortcut icon tooltip
PASS: STK13 failed resume keeps only the title and shortcut icon without adding a row or enlarging the sticker
PASS: STK14 default width, height and type scale are compact (initialClient={Width=260, Height=36}, dpi=96, font=9, titleFont=9.5)
PASS: STK15 note titles hide duplicate target details while retaining tooltips and stored data
PASS: STK20 normal stickers show only title and the accessible shortcut icon, with caption removed and a context menu available
PASS: STK22 shortcut glyph remains visible after native button painting in every state (dpi=96; normal: white=36, background=266, hover: white=36, background=277, pressed: white=36, background=277, focused: white=36, background=266)
PASS: STK21 the context menu deletes the same bookmark while persisted placement remains the normal size
PASS: STK16 collapsed stickers show only their memo-first title and retain the collapsed placement
PASS: STK17 empty or whitespace memo uses the appropriate ExcelCell fallback
PASS: STK17 empty or whitespace memo uses the appropriate WebPage fallback
PASS: STK17 empty or whitespace memo uses the appropriate Folder fallback
PASS: STK17 empty or whitespace memo uses the appropriate ExcelCell fallback
PASS: STK17 empty or whitespace memo uses the appropriate NotepadSnapshot fallback
PASS: STK18 long notes remain keyboard reachable in one-line bounds with complete tooltip text
PASS: STK19 Enter on the focused title requests note editing without resuming the target
PASS: STN01 clicking the compact title temporarily enlarges only its height in the same window and preserves placement
PASS: STN02 inline editing has a one-line limit and cancel control without a save button
PASS: STN03 background refresh, repeated editing and focus within the sticker retain the draft without writing
PASS: STN04 collapse requests cannot hide an active memo draft and saved unpinned layouts remain topmost
PASS: STN05 editor deletion and undo shortcuts cannot delete or restore bookmarks
PASS: STN06 synthetic IME composition Enter/Escape cannot submit, resume or cancel the note
PASS: STN07 IME commit Enter retains the suppression interval
PASS: STN08 injected persistence failure retains editable text and inline retry feedback
PASS: STN09 retry by Enter commits the retained draft without opening the bookmarked target
PASS: STN10 Escape cancels only the inline draft and keeps the saved note and sticker visible
PASS: STN11 a pending save blocks duplicate writes and cancel until commit completes
PASS: STN12 asynchronous note commit restores normal sticker actions
PASS: STN13 inline editor and feedback remain inside the minimum sticker bounds
PASS: STN14 temporary editing shows only editor, feedback and cancel without replacing the normal placement
PASS: STN15 a delayed save completion cannot overwrite a newer published bookmark note
PASS: STN26 adding a memo by Ctrl+E immediately replaces the file fallback and window title
PASS: STN27 clearing a memo immediately restores its fallback without rewriting the stored draft
PASS: STN28 editing a collapsed sticker temporarily reveals its editor while retaining collapsed placement
PASS: STN29 cancelling an edit restores the original collapsed size and presentation
PASS: STN16 moving to an ordinary window automatically saves the note without taking focus back
PASS: STN17 repeated deactivation of a completed editor does not write again
PASS: STN18 automatic save failure retains an editable draft and feedback without stealing focus
PASS: STN19 returning to a failed draft and leaving again retries and commits it automatically
PASS: STN20 Escape cancels the draft and any queued automatic save
PASS: STN21 leaving during synthetic IME composition defers automatic persistence
PASS: STN22 deferred automatic save waits for the committed IME text and keeps the destination focused
PASS: STN23 returning before IME completion cancels the pending automatic save and keeps editing
PASS: STN24 repeated departure events cannot duplicate a pending automatic write
PASS: STN25 a delayed automatic save completes in the background without reactivating its sticker
PASS: STN30 editing a 420x210 custom client never resizes an already sufficient window
PASS: STN31 saving preserves the full custom window size and position
PASS: STN30 editing a 240x160 custom client never resizes an already sufficient window
PASS: STN31 saving preserves the full custom window size and position
PASS: STN32 a narrow compact sticker keeps its chosen width while only its editing height expands
PASS: STN33 resizing while editing changes only the temporary editor geometry
PASS: STN34 cancelling restores the original narrow size after a temporary resize
PASS: STN35 editing at the work-area bottom moves the temporary editor into view while preserving the original anchor
PASS: STN36 a bottom-edge save failure retains the visible enlarged draft and its original persisted placement
PASS: STN37 cancelling a bottom-edge edit restores both its compact size and original position
PASS: SS01 a legacy List installation automatically starts active stickers on the UI thread before any view hotkey
PASS: SS02 startup restores legacy unpinned stickers as native always-on-top windows
PASS: SS03 startup retains collapsed presentation and saved sticker mode without opening the list
PASS: SS08 startup resizes active, collapsed and deleted layouts before recording completion while retaining their placement
PASS: SS09 the migrated outer size matches the default client size including the DPI-scaled window frame
PASS: SS04 a newly committed bookmark appears immediately above ordinary windows in sticker mode
PASS: SS10 newly captured bookmarks use the same compact default outer size
PASS: SS05 explicit hide-all remains effective for existing updates and new captures without deleting bookmarks
PASS: SS06 explicit reveal restores every sticker above ordinary windows with its position and collapsed size intact
PASS: SS07 startup, capture and reveal never request resume or open a bookmarked target
PASS: SS11 the next startup retains the user's later List choice and custom size without repeating migration
PASS: SS12 later user-sized stickers restore at restart without returning to the compact default
PASS: SS17 version-1 startup migrates its recorded defaults including stored 150% bounds, preserves custom sizes and List choice, and leaves deleted rows deleted
PASS: SS18 reopening stickers upgraded from version 1 restores one-line defaults, recorded-size migrations and unchanged custom windows
PASS: SS17 version-2 startup migrates its recorded defaults including stored 150% bounds, preserves custom sizes and List choice, and leaves deleted rows deleted
PASS: SS18 reopening stickers upgraded from version 2 restores one-line defaults, recorded-size migrations and unchanged custom windows
PASS: SS13 a new empty installation defaults to stickers without inventing a window or opening a target
PASS: SS14 startup does not overwrite corrupt settings with a presentation completion marker
PASS: SS15 a failed startup upgrade leaves its marker incomplete while the previously selected sticker mode remains usable
PASS: SS16 the next startup retries and completes a previously failed presentation upgrade
PASS: SV01 the registered custom view hotkey hides visible stickers without deleting bookmarks
PASS: SV02 a capture after hotkey hide stays hidden until the next reveal
PASS: SV03 the next hotkey restores every sticker with its identity, position, collapse state and note intact
PASS: SV04 one individually hidden sticker does not prevent the hotkey from hiding all remaining visible stickers
PASS: SV05 closing every sticker individually makes the next view hotkey reveal them all
PASS: SV06 explicit show remains reveal-only when stickers are already visible
PASS: SV07 toggling visibility never opens a bookmarked target
PASS: SV08 the same custom hotkey continues to open and keep the list visible in list mode
PASS: SV09 a second press cancels a pending startup reveal and suppresses its late failure
PASS: SV10 a cancelled load completing during the next reveal cannot display stale stickers
PASS: SV11 late completion of the old load cannot clear the new pending reveal and turn hide into another load
PASS: SV12 the next press reveals stickers normally after rapid load cancellations
PASS: SV13 an empty reveal and a failed reveal each finish and report their result
PASS: SV14 the next hotkey retries after empty or failed loads without an extra hide press
PASS: SV15 a note opened while globally hidden is still a visible sticker and the hotkey hides it during save
PASS: SV16 late note-save failure retains its draft without revealing a hidden sticker
PASS: SV17 revealing after a failed hidden save preserves the pending note draft
PASS: SV18 hiding during an arrangement load cancels its late reveal, movement and layout writes
PASS: SV19 a cancelled arrangement cannot move hidden stickers while a newer reveal is loading
PASS: SV20 a late arrangement completion retains the newer pending toggle so the next press cancels it
PASS: SV21 failed arrangement loading reports once and preserves existing positions and stored layouts
PASS: SV22 an old arrangement cannot reposition or rewrite stickers after a newer explicit reveal completes
PASS: SV23 switching to list mode during an arrangement load prevents late placement changes
PASS: NR01 the real application note-open route waits at the controlled repository read before editing
OBSERVE NR02: visible=False, editing=False, activations=0, reveals=0
PASS: NR02 a note read completing after HideAll cannot reveal, activate or edit any sticker
PASS: NR03 a new note request after hide waits for its own controlled read
PASS: NR04 a fresh request after the cancelled read opens the requested note and keeps other stickers hidden
PASS: NR05 a fresh request after hide is accepted while the cancelled note read is still pending
PASS: NR06 the cancelled read's completion keeps the newer opening guard and every sticker hidden
PASS: NR07 the newer pending request still suppresses duplicate note opens in the same visibility generation
PASS: NR08 the request made after hide opens its own note when its read completes
PASS: SAN01 Grid/expanded/Esc bottom-edge editing expands upward without changing normal placement
PASS: SAN02 Grid/expanded/Esc a failed save preserves the draft, editing bounds and stored note
SAN geometry Grid/expanded/Esc: old={X=60,Y=936}, edit={X=60,Y=848}, arranged={X=16,Y=16}, placement={X=16,Y=16}, final={X=16,Y=16}, stored=(16,16), dpi=96
PASS: SAN01 Horizontal/collapsed/Esc bottom-edge editing expands upward without changing normal placement
PASS: SAN02 Horizontal/collapsed/Esc a failed save preserves the draft, editing bounds and stored note
SAN geometry Horizontal/collapsed/Esc: old={X=60,Y=980}, edit={X=60,Y=848}, arranged={X=16,Y=16}, placement={X=16,Y=16}, final={X=16,Y=16}, stored=(16,16), dpi=96
PASS: SAN01 Vertical/expanded/save bottom-edge editing expands upward without changing normal placement
PASS: SAN02 Vertical/expanded/save a failed save preserves the draft, editing bounds and stored note
SAN geometry Vertical/expanded/save: old={X=60,Y=936}, edit={X=60,Y=848}, arranged={X=16,Y=16}, placement={X=16,Y=16}, final={X=16,Y=16}, stored=(16,16), dpi=96
PASS: SAN01 Grid/collapsed/save bottom-edge editing expands upward without changing normal placement
PASS: SAN02 Grid/collapsed/save a failed save preserves the draft, editing bounds and stored note
SAN geometry Grid/collapsed/save: old={X=60,Y=980}, edit={X=60,Y=848}, arranged={X=16,Y=16}, placement={X=16,Y=16}, final={X=16,Y=16}, stored=(16,16), dpi=96
PASS: SAN03 Grid/expanded/Esc arrangement preserves the failed draft and editing size without forcing another save
PASS: SAN04 Grid/expanded/Esc arranged normal placement and stored coordinates use the new destination without the old clamp offset
PASS: SAN05 Grid/expanded/Esc exiting editing retains the arranged location and restores the original size and collapse state
PASS: SAN06 Grid/expanded/Esc persisted placement remains the arranged destination after editing exits
PASS: SAN07 Grid/expanded/Esc Enter saves the retained draft while Esc cancels it without writing or hiding
PASS: SAN03 Horizontal/collapsed/Esc arrangement preserves the failed draft and editing size without forcing another save
PASS: SAN04 Horizontal/collapsed/Esc arranged normal placement and stored coordinates use the new destination without the old clamp offset
PASS: SAN05 Horizontal/collapsed/Esc exiting editing retains the arranged location and restores the original size and collapse state
PASS: SAN06 Horizontal/collapsed/Esc persisted placement remains the arranged destination after editing exits
PASS: SAN07 Horizontal/collapsed/Esc Enter saves the retained draft while Esc cancels it without writing or hiding
PASS: SAN03 Vertical/expanded/save arrangement preserves the failed draft and editing size without forcing another save
PASS: SAN04 Vertical/expanded/save arranged normal placement and stored coordinates use the new destination without the old clamp offset
PASS: SAN05 Vertical/expanded/save exiting editing retains the arranged location and restores the original size and collapse state
PASS: SAN06 Vertical/expanded/save persisted placement remains the arranged destination after editing exits
PASS: SAN07 Vertical/expanded/save Enter saves the retained draft while Esc cancels it without writing or hiding
PASS: SAN03 Grid/collapsed/save arrangement preserves the failed draft and editing size without forcing another save
PASS: SAN04 Grid/collapsed/save arranged normal placement and stored coordinates use the new destination without the old clamp offset
PASS: SAN05 Grid/collapsed/save exiting editing retains the arranged location and restores the original size and collapse state
PASS: SAN06 Grid/collapsed/save persisted placement remains the arranged destination after editing exits
PASS: SAN07 Grid/collapsed/save Enter saves the retained draft while Esc cancels it without writing or hiding
PASS: SN01 an isolated sticker remains freely positioned
PASS: SN02 adjacent stickers snap into a row with an eight-pixel gap
PASS: SN03 adjacent stickers snap into a column with an eight-pixel gap
PASS: SN04 placing a sticker before its peer supports negative screen coordinates
PASS: SN05 placing a sticker above its peer preserves the same gap
PASS: SN06 unequal-width stickers can align their right edges in a column
PASS: SN07 unequal-height stickers can align their bottom edges in a row
PASS: SN08 matching edges on a distant sticker do not attract a dragged sticker
PASS: SN09 the twelve-pixel snap threshold is inclusive
PASS: SN10 movement beyond the snap threshold is unchanged
PASS: SN11 slight edge overlap can snap outward into separated placement
PASS: SN12 magnets do not pull a crossing sticker deeper over a peer
PASS: SN13 the closest eligible peer edge wins
PASS: SN14 equal-distance ties are stable regardless of peer enumeration order
PASS: SN15 150-percent DPI scales both the gap and inclusive threshold
PASS: SN16 the scaled threshold does not attract a sticker one pixel beyond it
PASS: SN17 200-percent DPI preserves proportional magnetic spacing
PASS: SN18 a monitor left and above the primary screen snaps correctly
PASS: SN19 a candidate extending beyond the working area is rejected
PASS: SN20 unsnapped movement is not forcibly clamped to a monitor
PASS: SN21 empty or invalid peer bounds do not participate in snapping
PASS: SN22 multi-peer corner movement preserves size, threshold, bounds and overlap invariants
PASS: SA01 all arrangement modes accept an empty sticker collection
PASS: SA02 horizontal layout packs left-to-right and wraps below the tallest sticker in the row
PASS: SA03 vertical layout packs top-to-bottom and wraps beside the widest sticker in the column
PASS: SA04 grid aligns unequal and collapsed sticker sizes to a consistent row and column pitch
PASS: SA05 every arrangement retains input order and each sticker's exact size
PASS: SA06 mixed sticker sizes do not overlap when they fit on the first page
PASS: SA07 Grid respects negative monitor coordinates
PASS: SA08 Grid scales margins and gaps with monitor DPI
PASS: SA09 Grid overflow placement stays on-screen, preserves sizes and is deterministic
PASS: SA10 Grid starts its overflow page with a visible cascade offset
PASS: SA11 Grid keeps an oversized sticker's top-left reachable without resizing it
PASS: SA07 Horizontal respects negative monitor coordinates
PASS: SA08 Horizontal scales margins and gaps with monitor DPI
PASS: SA09 Horizontal overflow placement stays on-screen, preserves sizes and is deterministic
PASS: SA10 Horizontal starts its overflow page with a visible cascade offset
PASS: SA11 Horizontal keeps an oversized sticker's top-left reachable without resizing it
PASS: SA07 Vertical respects negative monitor coordinates
PASS: SA08 Vertical scales margins and gaps with monitor DPI
PASS: SA09 Vertical overflow placement stays on-screen, preserves sizes and is deterministic
PASS: SA10 Vertical starts its overflow page with a visible cascade offset
PASS: SA11 Vertical keeps an oversized sticker's top-left reachable without resizing it
PASS: SA12 a row containing collapsed and expanded stickers moves together to the next page when needed
PASS: SA13 small working areas reduce margins and retain a reachable sticker
PASS: SA01 startup applies the saved magnetic alignment opt-out to actual sticker movement
PASS: SA02 a visible neighboring sticker aligns the dragged sticker's row and adjacent spacing
PASS: SA03 holding Alt bypasses magnetic alignment without changing the saved preference
PASS: SA04 hidden stickers and the moving sticker itself cannot attract a drag
PASS: SA05 WM_MOVING returns the manager's corrected native rectangle without resizing the sticker
PASS: SA06 finishing the native drag persists the final snapped position in normalized monitor coordinates
PASS: SA07 the tray exposes grid, horizontal and vertical arrangement choices
PASS: SA08 Grid tray arrangement reveals stickers, dispatches the selected layout and preserves sizes, collapse state and notes in storage
PASS: SA08 Horizontal tray arrangement reveals stickers, dispatches the selected layout and preserves sizes, collapse state and notes in storage
PASS: SA08 Vertical tray arrangement reveals stickers, dispatches the selected layout and preserves sizes, collapse state and notes in storage
PASS: SP09 a partial layout-save failure cannot write the completion marker or switch the saved mode
PASS: SP10 settings-save failure leaves the old completion marker after all layout saves succeed
PASS: SP11 retry safely completes partial layout and settings failures while preserving placement and collapse
PASS: SP12 completed presentation does not repeat layout writes or reset a later List choice
PASS: SP13 a partial version-1 upgrade leaves the marker and custom outer bounds unchanged
PASS: SP14 version-1 settings failure after resizing recorded defaults preserves custom bounds and remains retryable
PASS: SP15 retrying version 1 preserves migrated stored 150% defaults and custom bounds without resetting the List choice
PASS: SP13 a partial version-2 upgrade leaves the marker and custom outer bounds unchanged
PASS: SP14 version-2 settings failure after resizing recorded defaults preserves custom bounds and remains retryable
PASS: SP15 retrying version 2 preserves migrated stored 150% defaults and custom bounds without resetting the List choice
PASS: SP16 shutdown during a temporarily resized editor persists the original collapsed placement after a pending layout write
PASS: SP17 a delayed placement continuation cannot replace normal bounds with disposed editor geometry
PASS: SP01 moving during a pending layout write does not start a competing storage write
PASS: SP02 a placement changed during the first batch is persisted by the next batch without reverting
PASS: SP03 failed layout persistence reports once and does not claim a successful save
PASS: SP04 movement after a failed write retries the newest placement rather than the failed snapshot
PASS: SP06 shutdown flushes newer movement after storage completes but before its UI continuation runs
PASS: SP08 a delayed successful-write continuation cannot overwrite the final shutdown placement
PASS: SP05 shutdown flushes the latest layout when a failed write has not yet reached its UI continuation
PASS: SP07 a delayed failed-write continuation cannot notify or rewrite after manager disposal
PASS: RF01 authoritative deleted snapshot removes the matching sticker
PASS: RF02 late active snapshot cannot recreate a deleted sticker or discard its undo
PASS: RF03 late deleted snapshot cannot remove a recaptured bookmark or restore stale undo
PASS: RF04 modeless editor stays above pinned stickers without owning a disposable bookmark view
PASS: RF05 deleting a sticker preserves an open editor and its unsaved input
PASS: RF06 a delayed inline-note read cannot resurrect a sticker after a newer deletion refresh
PASS: RF07 a delayed inline-note read cannot replace a newer recapture/note revision with a stale draft
RESULT: 246 sticker display, note, settings, startup and layout checks passed. Native input and rendered UI require separate verification.
